// Jest Snapshot v1, https://goo.gl/fbAQLP

exports[`sitemap sitemap 1`] = `""<?xml version=\"1.0\" encoding=\"UTF-8\"?><urlset xmlns=\"http://www.sitemaps.org/schemas/sitemap/0.9\" xmlns:news=\"http://www.google.com/schemas/sitemap-news/0.9\" xmlns:xhtml=\"http://www.w3.org/1999/xhtml\" xmlns:image=\"http://www.google.com/schemas/sitemap-image/1.1\" xmlns:video=\"http://www.google.com/schemas/sitemap-video/1.1\"><url><loc>https://www.yourprerendereddomain.com/</loc><changefreq>weekly</changefreq><priority>1.0</priority></url><url><loc>https://www.yourprerendereddomain.com/5</loc><changefreq>weekly</changefreq><priority>1.0</priority></url><url><loc>https://www.yourprerendereddomain.com/404.html</loc><changefreq>weekly</changefreq><priority>1.0</priority></url><url><loc>https://www.yourprerendereddomain.com/1</loc><changefreq>weekly</changefreq><priority>1.0</priority></url><url><loc>https://www.yourprerendereddomain.com/2</loc><changefreq>weekly</changefreq><priority>1.0</priority></url><url><loc>https://www.yourprerendereddomain.com/4</loc><changefreq>weekly</changefreq><priority>1.0</priority></url><url><loc>https://www.yourprerendereddomain.com/3</loc><changefreq>weekly</changefreq><priority>1.0</priority></url></urlset>""                                  
    + ""<?xml version=\"1.0\" encoding=\"UTF-8\"?><urlset xmlns=\"http://www.sitemaps.org/schemas/sitemap/0.9\" xmlns:news=\"http://www.google.com/schemas/sitemap-news/0.9\" xmlns:xhtml=\"http://www.w3.org/1999/xhtml\" xmlns:image=\"http://www.google.com/schemas/sitemap-image/1.1\" xmlns:video=\"http://www.google.com/schemas/sitemap-video/1.1\"><url><loc>https://www.yourprerendereddomain.com/</loc><changefreq>weekly</changefreq><priority>1.0</priority></url><url><loc>https://www.yourprerendereddomain.com/404.html</loc><changefreq>weekly</changefreq><priority>1.0</priority></url><url><loc>https://www.yourprerendereddomain.com/5</loc><changefreq>weekly</changefreq><priority>1.0</priority></url><url><loc>https://www.yourprerendereddomain.com/1</loc><changefreq>weekly</changefreq><priority>1.0</priority></url><url><loc>https://www.yourprerendereddomain.com/2</loc><changefreq>weekly</changefreq><priority>1.0</priority></url><url><loc>https://www.yourprerendereddomain.com/3</loc><changefreq>weekly</changefreq><priority>1.0</priority></url><url><loc>https://www.yourprerendereddomain.com/4</loc><changefreq>weekly</changefreq><priority>1.0</priority></url></urlset>""`;
